Vivado Simulator v2025.2
Copyright 1986-2022 Xilinx, Inc. All Rights Reserved.
Copyright 2022-2025 Advanced Micro Devices, Inc. All Rights Reserved.
Running: /home/whirck/AMD/2025.2/Vivado/bin/unwrapped/lnx64.o/xelab --incr --debug typical --relax --mt 8 -L xil_defaultlib -L uvm -L unisims_ver -L unimacro_ver -L secureip --snapshot OTTER_Wrapper_tb_behav xil_defaultlib.OTTER_Wrapper_tb xil_defaultlib.glbl -log elaborate.log 
Using 8 slave threads.
WARNING: [XSIM 43-3431] One or more environment variables have been detected which affect the operation of the C compiler. These are typically not set in standard installations and are not tested by AMD, however they may be appropriate for your system, so the flow will attempt to continue.  If errors occur, try running xelab with the "-mt off -v 1" switches to see more information from the C compiler. The following environment variables have been detected:
Starting static elaboration
Pass Through NonSizing Optimizer
WARNING: [VRFC 10-5021] port 'INTRR' is not connected on this instance [/home/whirck/Desktop/Sources/2026_Fall/class/CPE333/04_hardware/src/OTTER_Wrapper_v1_02.sv:65]
WARNING: [VRFC 10-3818] variable 'start' is driven by invalid combination of procedural drivers [/home/whirck/Desktop/Sources/2026_Fall/class/CPE333/04_hardware/src/CUnit_FSM.sv:46]
WARNING: [VRFC 10-2921] 'start' driven by this always_ff block should not be driven by any other process [/home/whirck/Desktop/Sources/2026_Fall/class/CPE333/04_hardware/src/CUnit_FSM.sv:55]
Completed static elaboration
Starting simulation data flow analysis
Completed simulation data flow analysis
Time Resolution for simulation is 1ps
Compiling package xil_defaultlib.tb_utils_pkg
Compiling module xil_defaultlib.OneShot
Compiling module xil_defaultlib.Mux_N_default
Compiling module xil_defaultlib.PC_Reg
Compiling module xil_defaultlib.Plus4_1N
Compiling module xil_defaultlib.Memory
Compiling module xil_defaultlib.RegFile
Compiling module xil_defaultlib.ImmedGen
Compiling module xil_defaultlib.BranchAddrGen
Compiling module xil_defaultlib.Mux_N(INPUTS=2)
Compiling module xil_defaultlib.ALU
Compiling module xil_defaultlib.BranchConditionGen
Compiling module xil_defaultlib.CUnit_Decoder
Compiling module xil_defaultlib.CUnit_FSM
Compiling module xil_defaultlib.Otter_MCU
Compiling module xil_defaultlib.BCD
Compiling module xil_defaultlib.CathodeDriver
Compiling module xil_defaultlib.SevSegDisp
Compiling module xil_defaultlib.OTTER_Wrapper
Compiling module xil_defaultlib.OTTER_Wrapper_tb
Compiling module xil_defaultlib.glbl
Built simulation snapshot OTTER_Wrapper_tb_behav
