INFO: [VRFC 10-2263] Analyzing SystemVerilog file "/home/whirck/Desktop/Sources/2026_Fall/class/CPE333/04_hardware/src/ALU.sv" into library xil_defaultlib
INFO: [VRFC 10-311] analyzing module ALU
INFO: [VRFC 10-2263] Analyzing SystemVerilog file "/home/whirck/Desktop/Sources/2026_Fall/class/CPE333/04_hardware/src/BCD.sv" into library xil_defaultlib
INFO: [VRFC 10-311] analyzing module BCD
INFO: [VRFC 10-2263] Analyzing SystemVerilog file "/home/whirck/Desktop/Sources/2026_Fall/class/CPE333/04_hardware/src/BranchAddrGen.sv" into library xil_defaultlib
INFO: [VRFC 10-311] analyzing module BranchAddrGen
INFO: [VRFC 10-2263] Analyzing SystemVerilog file "/home/whirck/Desktop/Sources/2026_Fall/class/CPE333/04_hardware/src/BranchConditionGen.sv" into library xil_defaultlib
INFO: [VRFC 10-311] analyzing module BranchConditionGen
INFO: [VRFC 10-2263] Analyzing SystemVerilog file "/home/whirck/Desktop/Sources/2026_Fall/class/CPE333/04_hardware/src/CUnit_Decoder.sv" into library xil_defaultlib
INFO: [VRFC 10-311] analyzing module CUnit_Decoder
INFO: [VRFC 10-2263] Analyzing SystemVerilog file "/home/whirck/Desktop/Sources/2026_Fall/class/CPE333/04_hardware/sim/tb_utils_pkg.sv" into library xil_defaultlib
INFO: [VRFC 10-2263] Analyzing SystemVerilog file "/home/whirck/Desktop/Sources/2026_Fall/class/CPE333/04_hardware/src/CUnit_FSM.sv" into library xil_defaultlib
INFO: [VRFC 10-311] analyzing module CUnit_FSM
INFO: [VRFC 10-2263] Analyzing SystemVerilog file "/home/whirck/Desktop/Sources/2026_Fall/class/CPE333/04_hardware/src/CathodeDriver.sv" into library xil_defaultlib
INFO: [VRFC 10-311] analyzing module CathodeDriver
INFO: [VRFC 10-2263] Analyzing SystemVerilog file "/home/whirck/Desktop/Sources/2026_Fall/class/CPE333/04_hardware/src/ImmedGen.sv" into library xil_defaultlib
INFO: [VRFC 10-311] analyzing module ImmedGen
INFO: [VRFC 10-2263] Analyzing SystemVerilog file "/home/whirck/Desktop/Sources/2026_Fall/class/CPE333/04_hardware/src/Mux_N.sv" into library xil_defaultlib
INFO: [VRFC 10-311] analyzing module Mux_N
INFO: [VRFC 10-2263] Analyzing SystemVerilog file "/home/whirck/Desktop/Sources/2026_Fall/class/CPE333/04_hardware/src/OTTER_Wrapper_v1_02.sv" into library xil_defaultlib
INFO: [VRFC 10-311] analyzing module OTTER_Wrapper
INFO: [VRFC 10-2263] Analyzing SystemVerilog file "/home/whirck/Desktop/Sources/2026_Fall/class/CPE333/04_hardware/src/OneShot.sv" into library xil_defaultlib
INFO: [VRFC 10-311] analyzing module OneShot
INFO: [VRFC 10-2263] Analyzing SystemVerilog file "/home/whirck/Desktop/Sources/2026_Fall/class/CPE333/04_hardware/src/Otter_MCU.sv" into library xil_defaultlib
INFO: [VRFC 10-311] analyzing module Otter_MCU
WARNING: [VRFC 10-2938] 'rs2' is already implicitly declared on line 97 [/home/whirck/Desktop/Sources/2026_Fall/class/CPE333/04_hardware/src/Otter_MCU.sv:113]
WARNING: [VRFC 10-2938] 'result' is already implicitly declared on line 96 [/home/whirck/Desktop/Sources/2026_Fall/class/CPE333/04_hardware/src/Otter_MCU.sv:193]
WARNING: [VRFC 10-3380] identifier 'jal' is used before its declaration [/home/whirck/Desktop/Sources/2026_Fall/class/CPE333/04_hardware/src/Otter_MCU.sv:48]
INFO: [VRFC 10-2263] Analyzing SystemVerilog file "/home/whirck/Desktop/Sources/2026_Fall/class/CPE333/04_hardware/src/PC_Reg.sv" into library xil_defaultlib
INFO: [VRFC 10-311] analyzing module PC_Reg
INFO: [VRFC 10-2263] Analyzing SystemVerilog file "/home/whirck/Desktop/Sources/2026_Fall/class/CPE333/04_hardware/src/Plus4_1N.sv" into library xil_defaultlib
INFO: [VRFC 10-311] analyzing module Plus4_1N
INFO: [VRFC 10-2263] Analyzing SystemVerilog file "/home/whirck/Desktop/Sources/2026_Fall/class/CPE333/04_hardware/src/RegFile.sv" into library xil_defaultlib
INFO: [VRFC 10-311] analyzing module RegFile
INFO: [VRFC 10-2263] Analyzing SystemVerilog file "/home/whirck/Desktop/Sources/2026_Fall/class/CPE333/04_hardware/src/SevSegDisp.sv" into library xil_defaultlib
INFO: [VRFC 10-311] analyzing module SevSegDisp
INFO: [VRFC 10-2263] Analyzing SystemVerilog file "/home/whirck/Desktop/Sources/2026_Fall/class/CPE333/04_hardware/src/otter_memory_v1_07.sv" into library xil_defaultlib
INFO: [VRFC 10-311] analyzing module Memory
INFO: [VRFC 10-2263] Analyzing SystemVerilog file "/home/whirck/Desktop/Sources/2026_Fall/class/CPE333/04_hardware/sim/OTTER_Wrapper_tb.sv" into library xil_defaultlib
INFO: [VRFC 10-311] analyzing module OTTER_Wrapper_tb
